main.c:89:6:HAL_GPIO_EXTI_Callback	16	static
main.c:102:5:main	8	static
main.c:186:6:SystemClock_Config	232	static
main.c:243:13:MX_TIM2_Init	40	static
main.c:288:13:MX_TIM3_Init	64	static
main.c:347:13:MX_USART2_UART_Init	8	static
main.c:382:13:MX_GPIO_Init	48	static
main.c:415:6:init_led_struct	16	static
main.c:421:6:init_fsm	16	static
main.c:429:6:run_fsm	16	static
main.c:488:15:button_pressed	16	static
main.c:492:6:print_current_state	16	static
main.c:520:6:StartPush_Button_fsm	16	static
main.c:540:6:StartLed2_Fsm_Tak	16	static
main.c:560:6:HAL_TIM_PeriodElapsedCallback	16	static
main.c:593:6:Error_Handler	4	static
