main.c:89:6:HAL_GPIO_EXTI_Callback	16	static
main.c:102:5:main	8	static
main.c:188:6:SystemClock_Config	232	static
main.c:245:13:MX_TIM2_Init	64	static
main.c:304:13:MX_TIM3_Init	40	static
main.c:349:13:MX_USART2_UART_Init	8	static
main.c:384:13:MX_GPIO_Init	48	static
main.c:407:6:init_led_struct	16	static
main.c:413:6:init_fsm	16	static
main.c:421:6:init_fsmd	16	static
main.c:428:6:run_fsm	16	static
main.c:486:6:run_dimmer_fsm	16	static
main.c:536:15:button_pressed	16	static
main.c:540:6:print_current_state	16	static
main.c:568:6:StartPush_Button_fsm	16	static
main.c:588:6:StartLed2_Fsm_Tak	16	static
main.c:608:6:HAL_TIM_PeriodElapsedCallback	16	static
main.c:641:6:Error_Handler	4	static
